// Jest Snapshot v1, https://goo.gl/fbAQLP

exports[`should find out raw plan 1`] = `
Array [
  "[plan]
2018.9~2018.12-->Elite
2017.8~2017.8-->Basic
[plan]",
]
`;
